Release 14.7 - xst P.20131013 (nt)
Copyright (c) 1995-2013 Xilinx, Inc.  All rights reserved.
--> Parameter TMPDIR set to xst/projnav.tmp


Total REAL time to Xst completion: 0.00 secs
Total CPU time to Xst completion: 0.06 secs
 
--> Parameter xsthdpdir set to xst


Total REAL time to Xst completion: 0.00 secs
Total CPU time to Xst completion: 0.06 secs
 
--> Reading design: top_clock.prj

TABLE OF CONTENTS
  1) Synthesis Options Summary
  2) HDL Compilation
  3) Design Hierarchy Analysis
  4) HDL Analysis
  5) HDL Synthesis
     5.1) HDL Synthesis Report
  6) Advanced HDL Synthesis
     6.1) Advanced HDL Synthesis Report
  7) Low Level Synthesis
  8) Partition Report
  9) Final Report
	9.1) Device utilization summary
	9.2) Partition Resource Summary
	9.3) TIMING REPORT


=========================================================================
*                      Synthesis Options Summary                        *
=========================================================================
---- Source Parameters
Input File Name                    : "top_clock.prj"
Input Format                       : mixed
Ignore Synthesis Constraint File   : NO

---- Target Parameters
Output File Name                   : "top_clock"
Output Format                      : NGC
Target Device                      : xc3s100e-4-cp132

---- Source Options
Top Module Name                    : top_clock
Automatic FSM Extraction           : YES
FSM Encoding Algorithm             : Auto
Safe Implementation                : No
FSM Style                          : LUT
RAM Extraction                     : Yes
RAM Style                          : Auto
ROM Extraction                     : Yes
Mux Style                          : Auto
Decoder Extraction                 : YES
Priority Encoder Extraction        : Yes
Shift Register Extraction          : YES
Logical Shifter Extraction         : YES
XOR Collapsing                     : YES
ROM Style                          : Auto
Mux Extraction                     : Yes
Resource Sharing                   : YES
Asynchronous To Synchronous        : NO
Multiplier Style                   : Auto
Automatic Register Balancing       : No

---- Target Options
Add IO Buffers                     : YES
Global Maximum Fanout              : 500
Add Generic Clock Buffer(BUFG)     : 24
Register Duplication               : YES
Slice Packing                      : YES
Optimize Instantiated Primitives   : NO
Use Clock Enable                   : Yes
Use Synchronous Set                : Yes
Use Synchronous Reset              : Yes
Pack IO Registers into IOBs        : Auto
Equivalent register Removal        : YES

---- General Options
Optimization Goal                  : Speed
Optimization Effort                : 1
Keep Hierarchy                     : No
Netlist Hierarchy                  : As_Optimized
RTL Output                         : Yes
Global Optimization                : AllClockNets
Read Cores                         : YES
Write Timing Constraints           : NO
Cross Clock Analysis               : NO
Hierarchy Separator                : /
Bus Delimiter                      : <>
Case Specifier                     : Maintain
Slice Utilization Ratio            : 100
BRAM Utilization Ratio             : 100
Verilog 2001                       : YES
Auto BRAM Packing                  : NO
Slice Utilization Ratio Delta      : 5

=========================================================================


=========================================================================
*                          HDL Compilation                              *
=========================================================================
Compiling verilog file "counter6.v" in library work
Compiling verilog file "counter10.v" in library work
Module <counter6> compiled
Compiling verilog file "divider.v" in library work
Module <counter10> compiled
Compiling verilog file "display_driver.v" in library work
Module <divider> compiled
Compiling verilog file "counter60.v" in library work
Module <display_driver> compiled
Compiling verilog file "counter24.v" in library work
Module <counter60> compiled
Compiling verilog file "top_clock.v" in library work
Module <counter24> compiled
Module <top_clock> compiled
No errors in compilation
Analysis of file <"top_clock.prj"> succeeded.
 

=========================================================================
*                     Design Hierarchy Analysis                         *
=========================================================================
Analyzing hierarchy for module <top_clock> in library <work>.

Analyzing hierarchy for module <divider> in library <work>.

Analyzing hierarchy for module <counter60> in library <work>.

Analyzing hierarchy for module <counter24> in library <work>.

Analyzing hierarchy for module <display_driver> in library <work>.

Analyzing hierarchy for module <counter10> in library <work>.

Analyzing hierarchy for module <counter6> in library <work>.


=========================================================================
*                            HDL Analysis                               *
=========================================================================
Analyzing top module <top_clock>.
Module <top_clock> is correct for synthesis.
 
Analyzing module <divider> in library <work>.
Module <divider> is correct for synthesis.
 
Analyzing module <counter60> in library <work>.
Module <counter60> is correct for synthesis.
 
Analyzing module <counter10> in library <work>.
Module <counter10> is correct for synthesis.
 
Analyzing module <counter6> in library <work>.
Module <counter6> is correct for synthesis.
 
Analyzing module <counter24> in library <work>.
Module <counter24> is correct for synthesis.
 
Analyzing module <display_driver> in library <work>.
Module <display_driver> is correct for synthesis.
 

=========================================================================
*                           HDL Synthesis                               *
=========================================================================

Performing bidirectional port resolution...

Synthesizing Unit <divider>.
    Related source file is "divider.v".
    Found 1-bit register for signal <clk_1hz>.
    Found 25-bit up counter for signal <count>.
    Summary:
	inferred   1 Counter(s).
	inferred   1 D-type flip-flop(s).
Unit <divider> synthesized.


Synthesizing Unit <counter24>.
    Related source file is "counter24.v".
    Found 8-bit register for signal <Cnt>.
    Found 4-bit adder for signal <$add0000> created at line 14.
    Found 4-bit adder for signal <$add0001> created at line 16.
    Summary:
	inferred   8 D-type flip-flop(s).
	inferred   2 Adder/Subtractor(s).
Unit <counter24> synthesized.


Synthesizing Unit <display_driver>.
    Related source file is "display_driver.v".
    Found 16x3-bit ROM for signal <current_bcd$rom0000>.
    Found 1-of-4 decoder for signal <AN>.
    Found 4-bit 4-to-1 multiplexer for signal <current_bcd>.
    Found 2-bit up counter for signal <scan_cnt>.
    Summary:
	inferred   1 ROM(s).
	inferred   1 Counter(s).
	inferred   4 Multiplexer(s).
	inferred   1 Decoder(s).
Unit <display_driver> synthesized.


Synthesizing Unit <counter10>.
    Related source file is "counter10.v".
    Found 4-bit up counter for signal <Q>.
    Summary:
	inferred   1 Counter(s).
Unit <counter10> synthesized.


Synthesizing Unit <counter6>.
    Related source file is "counter6.v".
    Found 4-bit up counter for signal <Q>.
    Summary:
	inferred   1 Counter(s).
Unit <counter6> synthesized.


Synthesizing Unit <counter60>.
    Related source file is "counter60.v".
Unit <counter60> synthesized.


Synthesizing Unit <top_clock>.
    Related source file is "top_clock.v".
    Found 1-bit register for signal <clk_1khz>.
    Found 16-bit up counter for signal <cnt_1k>.
    Found 16-bit comparator greatequal for signal <cnt_1k$cmp_ge0000> created at line 35.
    Summary:
	inferred   1 Counter(s).
	inferred   1 D-type flip-flop(s).
	inferred   1 Comparator(s).
Unit <top_clock> synthesized.


=========================================================================
HDL Synthesis Report

Macro Statistics
# ROMs                                                 : 1
 16x3-bit ROM                                          : 1
# Adders/Subtractors                                   : 2
 4-bit adder                                           : 2
# Counters                                             : 7
 16-bit up counter                                     : 1
 2-bit up counter                                      : 1
 25-bit up counter                                     : 1
 4-bit up counter                                      : 4
# Registers                                            : 10
 1-bit register                                        : 10
# Comparators                                          : 1
 16-bit comparator greatequal                          : 1
# Multiplexers                                         : 1
 4-bit 4-to-1 multiplexer                              : 1
# Decoders                                             : 1
 1-of-4 decoder                                        : 1

=========================================================================

=========================================================================
*                       Advanced HDL Synthesis                          *
=========================================================================


=========================================================================
Advanced HDL Synthesis Report

Macro Statistics
# ROMs                                                 : 1
 16x3-bit ROM                                          : 1
# Adders/Subtractors                                   : 2
 4-bit adder                                           : 2
# Counters                                             : 7
 16-bit up counter                                     : 1
 2-bit up counter                                      : 1
 25-bit up counter                                     : 1
 4-bit up counter                                      : 4
# Registers                                            : 10
 Flip-Flops                                            : 10
# Comparators                                          : 1
 16-bit comparator greatequal                          : 1
# Multiplexers                                         : 1
 4-bit 4-to-1 multiplexer                              : 1
# Decoders                                             : 1
 1-of-4 decoder                                        : 1

=========================================================================

=========================================================================
*                         Low Level Synthesis                           *
=========================================================================

Optimizing unit <top_clock> ...

Optimizing unit <counter24> ...

Optimizing unit <display_driver> ...

Mapping all equations...
Building and optimizing final netlist ...
Found area constraint ratio of 100 (+ 5) on block top_clock, actual ratio is 8.

Final Macro Processing ...

=========================================================================
Final Register Report

Macro Statistics
# Registers                                            : 69
 Flip-Flops                                            : 69

=========================================================================

=========================================================================
*                           Partition Report                            *
=========================================================================

Partition Implementation Status
-------------------------------

  No Partitions were found in this design.

-------------------------------

=========================================================================
*                            Final Report                               *
=========================================================================
Final Results
RTL Top Level Output File Name     : top_clock.ngr
Top Level Output File Name         : top_clock
Output Format                      : NGC
Optimization Goal                  : Speed
Keep Hierarchy                     : No

Design Statistics
# IOs                              : 24

Cell Usage :
# BELS                             : 244
#      GND                         : 1
#      INV                         : 12
#      LUT1                        : 26
#      LUT2                        : 34
#      LUT2_D                      : 1
#      LUT3                        : 30
#      LUT4                        : 36
#      LUT4_D                      : 2
#      LUT4_L                      : 2
#      MUXCY                       : 54
#      MUXF5                       : 4
#      VCC                         : 1
#      XORCY                       : 41
# FlipFlops/Latches                : 69
#      FD                          : 1
#      FDC                         : 41
#      FDCE                        : 26
#      FDR                         : 1
# Clock Buffers                    : 2
#      BUFG                        : 1
#      BUFGP                       : 1
# IO Buffers                       : 23
#      IBUF                        : 3
#      OBUF                        : 20
=========================================================================

Device utilization summary:
---------------------------

Selected Device : 3s100ecp132-4 

 Number of Slices:                       72  out of    960     7%  
 Number of Slice Flip Flops:             69  out of   1920     3%  
 Number of 4 input LUTs:                143  out of   1920     7%  
 Number of IOs:                          24
 Number of bonded IOBs:                  24  out of     83    28%  
 Number of GCLKs:                         2  out of     24     8%  

---------------------------
Partition Resource Summary:
---------------------------

  No Partitions were found in this design.

---------------------------


=========================================================================
TIMING REPORT

NOTE: THESE TIMING NUMBERS ARE ONLY A SYNTHESIS ESTIMATE.
      FOR ACCURATE TIMING INFORMATION PLEASE REFER TO THE TRACE REPORT
      GENERATED AFTER PLACE-and-ROUTE.

Clock Information:
------------------
-----------------------------------+---------------------------+-------+
Clock Signal                       | Clock buffer(FF name)     | Load  |
-----------------------------------+---------------------------+-------+
clk_50m                            | BUFGP                     | 43    |
U_Div/clk_1hz1                     | BUFG                      | 24    |
clk_1khz                           | NONE(U_Display/scan_cnt_1)| 2     |
-----------------------------------+---------------------------+-------+
INFO:Xst:2169 - HDL ADVISOR - Some clock signals were not automatically buffered by XST with BUFG/BUFR resources. Please use the buffer_type constraint in order to insert these buffers to the clock signals to help prevent skew problems.

Asynchronous Control Signals Information:
----------------------------------------
------------------------------------+------------------------+-------+
Control Signal                      | Buffer(FF name)        | Load  |
------------------------------------+------------------------+-------+
U_Div/nCR_inv(U_Hr/nCR_inv1_INV_0:O)| NONE(U_Div/clk_1hz)    | 67    |
------------------------------------+------------------------+-------+

Timing Summary:
---------------
Speed Grade: -4

   Minimum period: 7.275ns (Maximum Frequency: 137.457MHz)
   Minimum input arrival time before clock: 5.000ns
   Maximum output required time after clock: 8.070ns
   Maximum combinational path delay: No path found

Timing Detail:
--------------
All values displayed in nanoseconds (ns)

=========================================================================
Timing constraint: Default period analysis for Clock 'clk_50m'
  Clock period: 7.275ns (frequency: 137.457MHz)
  Total number of paths / destination ports: 3561 / 45
-------------------------------------------------------------------------
Delay:               7.275ns (Levels of Logic = 26)
  Source:            cnt_1k_0 (FF)
  Destination:       cnt_1k_15 (FF)
  Source Clock:      clk_50m rising
  Destination Clock: clk_50m rising

  Data Path: cnt_1k_0 to cnt_1k_15
                                Gate     Net
    Cell:in->out      fanout   Delay   Delay  Logical Name (Net Name)
    ----------------------------------------  ------------
     FDC:C->Q              2   0.591   0.622  cnt_1k_0 (cnt_1k_0)
     LUT3:I0->O            1   0.704   0.000  Mcompar_cnt_1k_cmp_ge0000_lut<0> (Mcompar_cnt_1k_cmp_ge0000_lut<0>)
     MUXCY:S->O            1   0.464   0.000  Mcompar_cnt_1k_cmp_ge0000_cy<0> (Mcompar_cnt_1k_cmp_ge0000_cy<0>)
     MUXCY:CI->O           1   0.059   0.000  Mcompar_cnt_1k_cmp_ge0000_cy<1> (Mcompar_cnt_1k_cmp_ge0000_cy<1>)
     MUXCY:CI->O           1   0.059   0.000  Mcompar_cnt_1k_cmp_ge0000_cy<2> (Mcompar_cnt_1k_cmp_ge0000_cy<2>)
     MUXCY:CI->O           1   0.059   0.000  Mcompar_cnt_1k_cmp_ge0000_cy<3> (Mcompar_cnt_1k_cmp_ge0000_cy<3>)
     MUXCY:CI->O           1   0.059   0.000  Mcompar_cnt_1k_cmp_ge0000_cy<4> (Mcompar_cnt_1k_cmp_ge0000_cy<4>)
     MUXCY:CI->O           1   0.059   0.000  Mcompar_cnt_1k_cmp_ge0000_cy<5> (Mcompar_cnt_1k_cmp_ge0000_cy<5>)
     MUXCY:CI->O           1   0.059   0.000  Mcompar_cnt_1k_cmp_ge0000_cy<6> (Mcompar_cnt_1k_cmp_ge0000_cy<6>)
     MUXCY:CI->O          18   0.331   1.103  Mcompar_cnt_1k_cmp_ge0000_cy<7> (cnt_1k_cmp_ge0000)
     LUT3:I2->O            1   0.704   0.000  Mcount_cnt_1k_lut<0> (Mcount_cnt_1k_lut<0>)
     MUXCY:S->O            1   0.464   0.000  Mcount_cnt_1k_cy<0> (Mcount_cnt_1k_cy<0>)
     MUXCY:CI->O           1   0.059   0.000  Mcount_cnt_1k_cy<1> (Mcount_cnt_1k_cy<1>)
     MUXCY:CI->O           1   0.059   0.000  Mcount_cnt_1k_cy<2> (Mcount_cnt_1k_cy<2>)
     MUXCY:CI->O           1   0.059   0.000  Mcount_cnt_1k_cy<3> (Mcount_cnt_1k_cy<3>)
     MUXCY:CI->O           1   0.059   0.000  Mcount_cnt_1k_cy<4> (Mcount_cnt_1k_cy<4>)
     MUXCY:CI->O           1   0.059   0.000  Mcount_cnt_1k_cy<5> (Mcount_cnt_1k_cy<5>)
     MUXCY:CI->O           1   0.059   0.000  Mcount_cnt_1k_cy<6> (Mcount_cnt_1k_cy<6>)
     MUXCY:CI->O           1   0.059   0.000  Mcount_cnt_1k_cy<7> (Mcount_cnt_1k_cy<7>)
     MUXCY:CI->O           1   0.059   0.000  Mcount_cnt_1k_cy<8> (Mcount_cnt_1k_cy<8>)
     MUXCY:CI->O           1   0.059   0.000  Mcount_cnt_1k_cy<9> (Mcount_cnt_1k_cy<9>)
     MUXCY:CI->O           1   0.059   0.000  Mcount_cnt_1k_cy<10> (Mcount_cnt_1k_cy<10>)
     MUXCY:CI->O           1   0.059   0.000  Mcount_cnt_1k_cy<11> (Mcount_cnt_1k_cy<11>)
     MUXCY:CI->O           1   0.059   0.000  Mcount_cnt_1k_cy<12> (Mcount_cnt_1k_cy<12>)
     MUXCY:CI->O           1   0.059   0.000  Mcount_cnt_1k_cy<13> (Mcount_cnt_1k_cy<13>)
     MUXCY:CI->O           0   0.059   0.000  Mcount_cnt_1k_cy<14> (Mcount_cnt_1k_cy<14>)
     XORCY:CI->O           1   0.804   0.000  Mcount_cnt_1k_xor<15> (Mcount_cnt_1k15)
     FDC:D                     0.308          cnt_1k_15
    ----------------------------------------
    Total                      7.275ns (5.550ns logic, 1.725ns route)
                                       (76.3% logic, 23.7% route)

=========================================================================
Timing constraint: Default period analysis for Clock 'U_Div/clk_1hz1'
  Clock period: 6.917ns (frequency: 144.571MHz)
  Total number of paths / destination ports: 360 / 44
-------------------------------------------------------------------------
Delay:               6.917ns (Levels of Logic = 4)
  Source:            U_Min/UC0/Q_3 (FF)
  Destination:       U_Hr/Cnt_4 (FF)
  Source Clock:      U_Div/clk_1hz1 rising
  Destination Clock: U_Div/clk_1hz1 rising

  Data Path: U_Min/UC0/Q_3 to U_Hr/Cnt_4
                                Gate     Net
    Cell:in->out      fanout   Delay   Delay  Logical Name (Net Name)
    ----------------------------------------  ------------
     FDCE:C->Q             5   0.591   0.808  U_Min/UC0/Q_3 (U_Min/UC0/Q_3)
     LUT4:I0->O            1   0.704   0.499  hr_en9 (hr_en9)
     LUT2:I1->O            1   0.704   0.424  hr_en21 (hr_en21)
     LUT4:I3->O            5   0.704   0.637  hr_en45 (hr_en)
     LUT4:I3->O            4   0.704   0.587  U_Hr/Cnt_7_not0001 (U_Hr/Cnt_7_not0001)
     FDCE:CE                   0.555          U_Hr/Cnt_5
    ----------------------------------------
    Total                      6.917ns (3.962ns logic, 2.955ns route)
                                       (57.3% logic, 42.7% route)

=========================================================================
Timing constraint: Default period analysis for Clock 'clk_1khz'
  Clock period: 2.682ns (frequency: 372.856MHz)
  Total number of paths / destination ports: 3 / 2
-------------------------------------------------------------------------
Delay:               2.682ns (Levels of Logic = 1)
  Source:            U_Display/scan_cnt_0 (FF)
  Destination:       U_Display/scan_cnt_1 (FF)
  Source Clock:      clk_1khz rising
  Destination Clock: clk_1khz rising

  Data Path: U_Display/scan_cnt_0 to U_Display/scan_cnt_1
                                Gate     Net
    Cell:in->out      fanout   Delay   Delay  Logical Name (Net Name)
    ----------------------------------------  ------------
     FDR:C->Q             14   0.591   1.079  U_Display/scan_cnt_0 (U_Display/scan_cnt_0)
     LUT2:I1->O            1   0.704   0.000  U_Display/Mcount_scan_cnt_xor<1>11 (U_Display/Result<1>)
     FD:D                      0.308          U_Display/scan_cnt_1
    ----------------------------------------
    Total                      2.682ns (1.603ns logic, 1.079ns route)
                                       (59.8% logic, 40.2% route)

=========================================================================
Timing constraint: Default OFFSET IN BEFORE for Clock 'U_Div/clk_1hz1'
  Total number of paths / destination ports: 16 / 16
-------------------------------------------------------------------------
Offset:              5.000ns (Levels of Logic = 3)
  Source:            AdjHrKey (PAD)
  Destination:       U_Hr/Cnt_4 (FF)
  Destination Clock: U_Div/clk_1hz1 rising

  Data Path: AdjHrKey to U_Hr/Cnt_4
                                Gate     Net
    Cell:in->out      fanout   Delay   Delay  Logical Name (Net Name)
    ----------------------------------------  ------------
     IBUF:I->O             1   1.218   0.595  AdjHrKey_IBUF (AdjHrKey_IBUF)
     LUT4:I0->O            5   0.704   0.637  hr_en45 (hr_en)
     LUT4:I3->O            4   0.704   0.587  U_Hr/Cnt_7_not0001 (U_Hr/Cnt_7_not0001)
     FDCE:CE                   0.555          U_Hr/Cnt_5
    ----------------------------------------
    Total                      5.000ns (3.181ns logic, 1.819ns route)
                                       (63.6% logic, 36.4% route)

=========================================================================
Timing constraint: Default OFFSET OUT AFTER for Clock 'clk_1khz'
  Total number of paths / destination ports: 94 / 12
-------------------------------------------------------------------------
Offset:              8.070ns (Levels of Logic = 4)
  Source:            U_Display/scan_cnt_0 (FF)
  Destination:       SEG<6> (PAD)
  Source Clock:      clk_1khz rising

  Data Path: U_Display/scan_cnt_0 to SEG<6>
                                Gate     Net
    Cell:in->out      fanout   Delay   Delay  Logical Name (Net Name)
    ----------------------------------------  ------------
     FDR:C->Q             14   0.591   1.175  U_Display/scan_cnt_0 (U_Display/scan_cnt_0)
     LUT3:I0->O            1   0.704   0.000  U_Display/Mmux_current_bcd_31 (U_Display/Mmux_current_bcd_31)
     MUXF5:I1->O           7   0.321   0.883  U_Display/Mmux_current_bcd_2_f5_0 (U_Display/current_bcd<1>)
     LUT4:I0->O            1   0.704   0.420  U_Display/SEG_4_mux00001 (SEG_4_OBUF)
     OBUF:I->O                 3.272          SEG_4_OBUF (SEG<4>)
    ----------------------------------------
    Total                      8.070ns (5.592ns logic, 2.478ns route)
                                       (69.3% logic, 30.7% route)

=========================================================================
Timing constraint: Default OFFSET OUT AFTER for Clock 'U_Div/clk_1hz1'
  Total number of paths / destination ports: 120 / 15
-------------------------------------------------------------------------
Offset:              7.643ns (Levels of Logic = 4)
  Source:            U_Min/UC0/Q_2 (FF)
  Destination:       SEG<6> (PAD)
  Source Clock:      U_Div/clk_1hz1 rising

  Data Path: U_Min/UC0/Q_2 to SEG<6>
                                Gate     Net
    Cell:in->out      fanout   Delay   Delay  Logical Name (Net Name)
    ----------------------------------------  ------------
     FDCE:C->Q             6   0.591   0.748  U_Min/UC0/Q_2 (U_Min/UC0/Q_2)
     LUT3:I1->O            1   0.704   0.000  U_Display/Mmux_current_bcd_42 (U_Display/Mmux_current_bcd_42)
     MUXF5:I0->O           7   0.321   0.883  U_Display/Mmux_current_bcd_2_f5_1 (U_Display/current_bcd<2>)
     LUT4:I0->O            1   0.704   0.420  U_Display/SEG_5_or00001 (SEG_5_OBUF)
     OBUF:I->O                 3.272          SEG_5_OBUF (SEG<5>)
    ----------------------------------------
    Total                      7.643ns (5.592ns logic, 2.051ns route)
                                       (73.2% logic, 26.8% route)

=========================================================================


Total REAL time to Xst completion: 3.00 secs
Total CPU time to Xst completion: 2.37 secs
 
--> 

Total memory usage is 240120 kilobytes

Number of errors   :    0 (   0 filtered)
Number of warnings :    0 (   0 filtered)
Number of infos    :    1 (   0 filtered)

