MO counter24 NULL counter24.v vlg3E/counter24.bin 1774958010
MO counter60 NULL counter60.v vlg4E/counter60.bin 1774958010
MO display_driver NULL display_driver.v vlg59/display__driver.bin 1774958010
MO divider NULL divider.v vlg4B/divider.bin 1774958010
MO top_clock NULL top_clock.v vlg32/top__clock.bin 1774958010
MO counter6 NULL counter6.v vlg06/counter6.bin 1774958010
MO counter10 NULL counter10.v vlg35/counter10.bin 1774958010
